<?xml version="1.0" encoding="ISO-8859-1"?>
<Map>
  <MapInfo MapName="blubb" MapAnnounceName="underground lair" MapSizeX="18" MapSizeY="16"/>
  <MapData>
    <Layer>
      <MapTiles Tiles="2 2 2 2 2 2 2 2 2 2 2 2 2 2 2 2 2 2"/>
      <MapTiles Tiles="2 1 1 1 1 1 1 2 1 1 1 1 1 1 1 1 1 2"/>
      <MapTiles Tiles="2 1 1 1 1 1 1 2 1 1 1 1 1 1 1 1 1 2"/>
      <MapTiles Tiles="2 1 1 1 1 1 1 2 1 1 1 1 1 1 1 1 1 2"/>
      <MapTiles Tiles="2 1 1 1 1 1 1 2 1 1 1 1 1 1 1 1 1 2"/>
      <MapTiles Tiles="2 1 1 1 1 1 1 2 1 1 1 1 1 1 1 1 1 2"/>
      <MapTiles Tiles="2 1 1 1 1 1 1 2 1 1 1 1 1 1 1 1 1 2"/>
      <MapTiles Tiles="2 1 1 1 1 1 1 2 1 1 1 1 1 1 1 1 1 2"/>
      <MapTiles Tiles="2 2 2 2 2 1 2 2 1 1 1 1 1 1 1 1 1 2"/>
      <MapTiles Tiles="2 1 1 1 1 1 1 1 1 1 1 1 1 1 1 1 1 2"/>
      <MapTiles Tiles="2 1 1 1 1 1 1 1 1 1 1 1 1 1 1 1 1 2"/>
      <MapTiles Tiles="2 1 1 1 1 1 1 1 1 1 1 1 1 1 1 1 1 2"/>
      <MapTiles Tiles="2 1 1 1 1 1 1 1 1 1 1 1 1 1 1 1 1 2"/>
      <MapTiles Tiles="2 1 1 1 1 1 1 1 1 1 1 1 1 1 1 1 1 2"/>
      <MapTiles Tiles="2 1 1 1 1 1 1 1 1 1 1 1 1 1 1 1 1 2"/>
      <MapTiles Tiles="2 2 2 2 2 2 2 2 2 2 2 2 2 2 2 2 2 2"/>
    </Layer>
  </MapData>
  <LayerData>
    <Layer>
      <Object ID="1" XPos="300" YPos="300"/>
    </Layer>
  </LayerData>
</Map>
